// Jest Snapshot v1, https://goo.gl/fbAQLP

exports[`LoadingCell should render a value 1`] = `
<DocumentFragment>
  <div>
    test
  </div>
</DocumentFragment>
`;
