// Jest Snapshot v1, https://goo.gl/fbAQLP

exports[`SimpleTable should render 1`] = `
<DocumentFragment>
  <table
    class="css-3dzfez"
    role="table"
  >
    <thead
      class="css-0"
    >
      <tr
        class="css-1u0vj3o"
        role="row"
      >
        <th
          class="css-6yo8fx"
          colspan="1"
          role="columnheader"
          style="width: 150px; max-width: 150px;"
        >
          Column 1
        </th>
        <th
          class="css-6yo8fx"
          colspan="1"
          role="columnheader"
        >
          Column 2
        </th>
      </tr>
    </thead>
    <tbody
      class="css-0"
      role="rowgroup"
    >
      <tr
        class="css-1u0vj3o"
        role="row"
      >
        <td
          class="css-19cnqd2"
          role="cell"
        >
          Row 1 Col 1
        </td>
        <td
          class="css-19cnqd2"
          role="cell"
        >
          Row 1 Col 2
        </td>
      </tr>
      <tr
        class="css-1u0vj3o"
        role="row"
      >
        <td
          class="css-19cnqd2"
          role="cell"
        >
          Row 2 Col 1
        </td>
        <td
          class="css-19cnqd2"
          role="cell"
        >
          Row 2 Col 2
        </td>
      </tr>
    </tbody>
  </table>
</DocumentFragment>
`;
